[    1857ms] [INFO] %cDownload the React DevTools for a better development experience: https://reactjs.org/link/react-devtools font-weight:bold @ webpack-internal:///(app-pages-browser)/./node_modules/next/dist/compiled/react-dom/cjs/react-dom.development.js:38559
[    1983ms] [WARNING] Element not found: .katalog-section @ webpack-internal:///(app-pages-browser)/./node_modules/gsap/Observer.js:138
[    1984ms] [WARNING] Element not found: .katalog-section @ webpack-internal:///(app-pages-browser)/./node_modules/gsap/Observer.js:138
[    1984ms] [WARNING] Element not found: .katalog-section @ webpack-internal:///(app-pages-browser)/./node_modules/gsap/Observer.js:138
[    1987ms] [WARNING] Element not found: .katalog-section @ webpack-internal:///(app-pages-browser)/./node_modules/gsap/Observer.js:138
[    1987ms] [WARNING] Element not found: .katalog-section @ webpack-internal:///(app-pages-browser)/./node_modules/gsap/Observer.js:138
[    1987ms] [WARNING] Element not found: .katalog-section @ webpack-internal:///(app-pages-browser)/./node_modules/gsap/Observer.js:138
[   55343ms] [ERROR] WebSocket connection to 'ws://localhost:3203/_next/webpack-hmr' failed:  @ webpack-internal:///(app-pages-browser)/./node_modules/next/dist/client/components/react-dev-overlay/internal/helpers/use-websocket.js:41
[   57452ms] [ERROR] Failed to load resource: net::ERR_CONNECTION_REFUSED @ http://localhost:3203/assets/media/kellecicihanusta_1772016485_3840274786631039351_63990966305_1.jpg:0
[   62451ms] [ERROR] Failed to load resource: net::ERR_CONNECTION_REFUSED @ http://localhost:3203/assets/media/kellecicihanusta_1748873827_3646140394579876146_63990966305_3.jpg:0
[   67450ms] [ERROR] Failed to load resource: net::ERR_CONNECTION_REFUSED @ http://localhost:3203/assets/media/kellecicihanusta_1763981424_3772872097995981253_63990966305_1.jpg:0
[   72450ms] [ERROR] Failed to load resource: net::ERR_CONNECTION_REFUSED @ http://localhost:3203/assets/media/kellecicihanusta_1772016485_3840274786631039351_63990966305_1.jpg:0
[   77450ms] [ERROR] Failed to load resource: net::ERR_CONNECTION_REFUSED @ http://localhost:3203/assets/media/kellecicihanusta_1748873827_3646140394579876146_63990966305_3.jpg:0
[   82450ms] [ERROR] Failed to load resource: net::ERR_CONNECTION_REFUSED @ http://localhost:3203/assets/media/kellecicihanusta_1763981424_3772872097995981253_63990966305_1.jpg:0
[   87450ms] [ERROR] Failed to load resource: net::ERR_CONNECTION_REFUSED @ http://localhost:3203/assets/media/kellecicihanusta_1772016485_3840274786631039351_63990966305_1.jpg:0
[   92450ms] [ERROR] Failed to load resource: net::ERR_CONNECTION_REFUSED @ http://localhost:3203/assets/media/kellecicihanusta_1748873827_3646140394579876146_63990966305_3.jpg:0
[   97449ms] [ERROR] Failed to load resource: net::ERR_CONNECTION_REFUSED @ http://localhost:3203/assets/media/kellecicihanusta_1763981424_3772872097995981253_63990966305_1.jpg:0
[  102449ms] [ERROR] Failed to load resource: net::ERR_CONNECTION_REFUSED @ http://localhost:3203/assets/media/kellecicihanusta_1772016485_3840274786631039351_63990966305_1.jpg:0
[  107449ms] [ERROR] Failed to load resource: net::ERR_CONNECTION_REFUSED @ http://localhost:3203/assets/media/kellecicihanusta_1748873827_3646140394579876146_63990966305_3.jpg:0
[  112449ms] [ERROR] Failed to load resource: net::ERR_CONNECTION_REFUSED @ http://localhost:3203/assets/media/kellecicihanusta_1763981424_3772872097995981253_63990966305_1.jpg:0
[  117449ms] [ERROR] Failed to load resource: net::ERR_CONNECTION_REFUSED @ http://localhost:3203/assets/media/kellecicihanusta_1772016485_3840274786631039351_63990966305_1.jpg:0
[  122449ms] [ERROR] Failed to load resource: net::ERR_CONNECTION_REFUSED @ http://localhost:3203/assets/media/kellecicihanusta_1748873827_3646140394579876146_63990966305_3.jpg:0
[  127450ms] [ERROR] Failed to load resource: net::ERR_CONNECTION_REFUSED @ http://localhost:3203/assets/media/kellecicihanusta_1763981424_3772872097995981253_63990966305_1.jpg:0
[  132450ms] [ERROR] Failed to load resource: net::ERR_CONNECTION_REFUSED @ http://localhost:3203/assets/media/kellecicihanusta_1772016485_3840274786631039351_63990966305_1.jpg:0
[  137450ms] [ERROR] Failed to load resource: net::ERR_CONNECTION_REFUSED @ http://localhost:3203/assets/media/kellecicihanusta_1748873827_3646140394579876146_63990966305_3.jpg:0
[  142449ms] [ERROR] Failed to load resource: net::ERR_CONNECTION_REFUSED @ http://localhost:3203/assets/media/kellecicihanusta_1763981424_3772872097995981253_63990966305_1.jpg:0
[  147449ms] [ERROR] Failed to load resource: net::ERR_CONNECTION_REFUSED @ http://localhost:3203/assets/media/kellecicihanusta_1772016485_3840274786631039351_63990966305_1.jpg:0
[  152449ms] [ERROR] Failed to load resource: net::ERR_CONNECTION_REFUSED @ http://localhost:3203/assets/media/kellecicihanusta_1748873827_3646140394579876146_63990966305_3.jpg:0
[  157449ms] [ERROR] Failed to load resource: net::ERR_CONNECTION_REFUSED @ http://localhost:3203/assets/media/kellecicihanusta_1763981424_3772872097995981253_63990966305_1.jpg:0
[  162449ms] [ERROR] Failed to load resource: net::ERR_CONNECTION_REFUSED @ http://localhost:3203/assets/media/kellecicihanusta_1772016485_3840274786631039351_63990966305_1.jpg:0
[  167453ms] [ERROR] Failed to load resource: net::ERR_CONNECTION_REFUSED @ http://localhost:3203/assets/media/kellecicihanusta_1748873827_3646140394579876146_63990966305_3.jpg:0
[  172450ms] [ERROR] Failed to load resource: net::ERR_CONNECTION_REFUSED @ http://localhost:3203/assets/media/kellecicihanusta_1763981424_3772872097995981253_63990966305_1.jpg:0
[  177450ms] [ERROR] Failed to load resource: net::ERR_CONNECTION_REFUSED @ http://localhost:3203/assets/media/kellecicihanusta_1772016485_3840274786631039351_63990966305_1.jpg:0
[  182449ms] [ERROR] Failed to load resource: net::ERR_CONNECTION_REFUSED @ http://localhost:3203/assets/media/kellecicihanusta_1748873827_3646140394579876146_63990966305_3.jpg:0
[  187449ms] [ERROR] Failed to load resource: net::ERR_CONNECTION_REFUSED @ http://localhost:3203/assets/media/kellecicihanusta_1763981424_3772872097995981253_63990966305_1.jpg:0
[  192449ms] [ERROR] Failed to load resource: net::ERR_CONNECTION_REFUSED @ http://localhost:3203/assets/media/kellecicihanusta_1772016485_3840274786631039351_63990966305_1.jpg:0
[  197449ms] [ERROR] Failed to load resource: net::ERR_CONNECTION_REFUSED @ http://localhost:3203/assets/media/kellecicihanusta_1748873827_3646140394579876146_63990966305_3.jpg:0
[  202450ms] [ERROR] Failed to load resource: net::ERR_CONNECTION_REFUSED @ http://localhost:3203/assets/media/kellecicihanusta_1763981424_3772872097995981253_63990966305_1.jpg:0
[  207449ms] [ERROR] Failed to load resource: net::ERR_CONNECTION_REFUSED @ http://localhost:3203/assets/media/kellecicihanusta_1772016485_3840274786631039351_63990966305_1.jpg:0
[  212450ms] [ERROR] Failed to load resource: net::ERR_CONNECTION_REFUSED @ http://localhost:3203/assets/media/kellecicihanusta_1748873827_3646140394579876146_63990966305_3.jpg:0
[  217450ms] [ERROR] Failed to load resource: net::ERR_CONNECTION_REFUSED @ http://localhost:3203/assets/media/kellecicihanusta_1763981424_3772872097995981253_63990966305_1.jpg:0
[  222450ms] [ERROR] Failed to load resource: net::ERR_CONNECTION_REFUSED @ http://localhost:3203/assets/media/kellecicihanusta_1772016485_3840274786631039351_63990966305_1.jpg:0
[  227450ms] [ERROR] Failed to load resource: net::ERR_CONNECTION_REFUSED @ http://localhost:3203/assets/media/kellecicihanusta_1748873827_3646140394579876146_63990966305_3.jpg:0
[  232449ms] [ERROR] Failed to load resource: net::ERR_CONNECTION_REFUSED @ http://localhost:3203/assets/media/kellecicihanusta_1763981424_3772872097995981253_63990966305_1.jpg:0
[  237449ms] [ERROR] Failed to load resource: net::ERR_CONNECTION_REFUSED @ http://localhost:3203/assets/media/kellecicihanusta_1772016485_3840274786631039351_63990966305_1.jpg:0
[  242449ms] [ERROR] Failed to load resource: net::ERR_CONNECTION_REFUSED @ http://localhost:3203/assets/media/kellecicihanusta_1748873827_3646140394579876146_63990966305_3.jpg:0
[  247450ms] [ERROR] Failed to load resource: net::ERR_CONNECTION_REFUSED @ http://localhost:3203/assets/media/kellecicihanusta_1763981424_3772872097995981253_63990966305_1.jpg:0
[  252450ms] [ERROR] Failed to load resource: net::ERR_CONNECTION_REFUSED @ http://localhost:3203/assets/media/kellecicihanusta_1772016485_3840274786631039351_63990966305_1.jpg:0
[  257449ms] [ERROR] Failed to load resource: net::ERR_CONNECTION_REFUSED @ http://localhost:3203/assets/media/kellecicihanusta_1748873827_3646140394579876146_63990966305_3.jpg:0
[  262450ms] [ERROR] Failed to load resource: net::ERR_CONNECTION_REFUSED @ http://localhost:3203/assets/media/kellecicihanusta_1763981424_3772872097995981253_63990966305_1.jpg:0
[  267450ms] [ERROR] Failed to load resource: net::ERR_CONNECTION_REFUSED @ http://localhost:3203/assets/media/kellecicihanusta_1772016485_3840274786631039351_63990966305_1.jpg:0
[  272450ms] [ERROR] Failed to load resource: net::ERR_CONNECTION_REFUSED @ http://localhost:3203/assets/media/kellecicihanusta_1748873827_3646140394579876146_63990966305_3.jpg:0
[  277450ms] [ERROR] Failed to load resource: net::ERR_CONNECTION_REFUSED @ http://localhost:3203/assets/media/kellecicihanusta_1763981424_3772872097995981253_63990966305_1.jpg:0
[  282449ms] [ERROR] Failed to load resource: net::ERR_CONNECTION_REFUSED @ http://localhost:3203/assets/media/kellecicihanusta_1772016485_3840274786631039351_63990966305_1.jpg:0
[  287449ms] [ERROR] Failed to load resource: net::ERR_CONNECTION_REFUSED @ http://localhost:3203/assets/media/kellecicihanusta_1748873827_3646140394579876146_63990966305_3.jpg:0
[  292449ms] [ERROR] Failed to load resource: net::ERR_CONNECTION_REFUSED @ http://localhost:3203/assets/media/kellecicihanusta_1763981424_3772872097995981253_63990966305_1.jpg:0
[  297449ms] [ERROR] Failed to load resource: net::ERR_CONNECTION_REFUSED @ http://localhost:3203/assets/media/kellecicihanusta_1772016485_3840274786631039351_63990966305_1.jpg:0
[  302449ms] [ERROR] Failed to load resource: net::ERR_CONNECTION_REFUSED @ http://localhost:3203/assets/media/kellecicihanusta_1748873827_3646140394579876146_63990966305_3.jpg:0
[  307450ms] [ERROR] Failed to load resource: net::ERR_CONNECTION_REFUSED @ http://localhost:3203/assets/media/kellecicihanusta_1763981424_3772872097995981253_63990966305_1.jpg:0
[  312449ms] [ERROR] Failed to load resource: net::ERR_CONNECTION_REFUSED @ http://localhost:3203/assets/media/kellecicihanusta_1772016485_3840274786631039351_63990966305_1.jpg:0
[  317449ms] [ERROR] Failed to load resource: net::ERR_CONNECTION_REFUSED @ http://localhost:3203/assets/media/kellecicihanusta_1748873827_3646140394579876146_63990966305_3.jpg:0
[  322449ms] [ERROR] Failed to load resource: net::ERR_CONNECTION_REFUSED @ http://localhost:3203/assets/media/kellecicihanusta_1763981424_3772872097995981253_63990966305_1.jpg:0
[  327449ms] [ERROR] Failed to load resource: net::ERR_CONNECTION_REFUSED @ http://localhost:3203/assets/media/kellecicihanusta_1772016485_3840274786631039351_63990966305_1.jpg:0
[  332449ms] [ERROR] Failed to load resource: net::ERR_CONNECTION_REFUSED @ http://localhost:3203/assets/media/kellecicihanusta_1748873827_3646140394579876146_63990966305_3.jpg:0
[  337449ms] [ERROR] Failed to load resource: net::ERR_CONNECTION_REFUSED @ http://localhost:3203/assets/media/kellecicihanusta_1763981424_3772872097995981253_63990966305_1.jpg:0
[  342449ms] [ERROR] Failed to load resource: net::ERR_CONNECTION_REFUSED @ http://localhost:3203/assets/media/kellecicihanusta_1772016485_3840274786631039351_63990966305_1.jpg:0
[  347449ms] [ERROR] Failed to load resource: net::ERR_CONNECTION_REFUSED @ http://localhost:3203/assets/media/kellecicihanusta_1748873827_3646140394579876146_63990966305_3.jpg:0
[  352449ms] [ERROR] Failed to load resource: net::ERR_CONNECTION_REFUSED @ http://localhost:3203/assets/media/kellecicihanusta_1763981424_3772872097995981253_63990966305_1.jpg:0
[  357449ms] [ERROR] Failed to load resource: net::ERR_CONNECTION_REFUSED @ http://localhost:3203/assets/media/kellecicihanusta_1772016485_3840274786631039351_63990966305_1.jpg:0
[  362449ms] [ERROR] Failed to load resource: net::ERR_CONNECTION_REFUSED @ http://localhost:3203/assets/media/kellecicihanusta_1748873827_3646140394579876146_63990966305_3.jpg:0
[  367449ms] [ERROR] Failed to load resource: net::ERR_CONNECTION_REFUSED @ http://localhost:3203/assets/media/kellecicihanusta_1763981424_3772872097995981253_63990966305_1.jpg:0
[  372448ms] [ERROR] Failed to load resource: net::ERR_CONNECTION_REFUSED @ http://localhost:3203/assets/media/kellecicihanusta_1772016485_3840274786631039351_63990966305_1.jpg:0
[  377448ms] [ERROR] Failed to load resource: net::ERR_CONNECTION_REFUSED @ http://localhost:3203/assets/media/kellecicihanusta_1748873827_3646140394579876146_63990966305_3.jpg:0
[  382448ms] [ERROR] Failed to load resource: net::ERR_CONNECTION_REFUSED @ http://localhost:3203/assets/media/kellecicihanusta_1763981424_3772872097995981253_63990966305_1.jpg:0
[  387448ms] [ERROR] Failed to load resource: net::ERR_CONNECTION_REFUSED @ http://localhost:3203/assets/media/kellecicihanusta_1772016485_3840274786631039351_63990966305_1.jpg:0
[  392448ms] [ERROR] Failed to load resource: net::ERR_CONNECTION_REFUSED @ http://localhost:3203/assets/media/kellecicihanusta_1748873827_3646140394579876146_63990966305_3.jpg:0
[  397449ms] [ERROR] Failed to load resource: net::ERR_CONNECTION_REFUSED @ http://localhost:3203/assets/media/kellecicihanusta_1763981424_3772872097995981253_63990966305_1.jpg:0
[  402449ms] [ERROR] Failed to load resource: net::ERR_CONNECTION_REFUSED @ http://localhost:3203/assets/media/kellecicihanusta_1772016485_3840274786631039351_63990966305_1.jpg:0
[  407449ms] [ERROR] Failed to load resource: net::ERR_CONNECTION_REFUSED @ http://localhost:3203/assets/media/kellecicihanusta_1748873827_3646140394579876146_63990966305_3.jpg:0
[  412448ms] [ERROR] Failed to load resource: net::ERR_CONNECTION_REFUSED @ http://localhost:3203/assets/media/kellecicihanusta_1763981424_3772872097995981253_63990966305_1.jpg:0
[  417448ms] [ERROR] Failed to load resource: net::ERR_CONNECTION_REFUSED @ http://localhost:3203/assets/media/kellecicihanusta_1772016485_3840274786631039351_63990966305_1.jpg:0
[  422448ms] [ERROR] Failed to load resource: net::ERR_CONNECTION_REFUSED @ http://localhost:3203/assets/media/kellecicihanusta_1748873827_3646140394579876146_63990966305_3.jpg:0
[  427448ms] [ERROR] Failed to load resource: net::ERR_CONNECTION_REFUSED @ http://localhost:3203/assets/media/kellecicihanusta_1763981424_3772872097995981253_63990966305_1.jpg:0
[  432448ms] [ERROR] Failed to load resource: net::ERR_CONNECTION_REFUSED @ http://localhost:3203/assets/media/kellecicihanusta_1772016485_3840274786631039351_63990966305_1.jpg:0
[  437448ms] [ERROR] Failed to load resource: net::ERR_CONNECTION_REFUSED @ http://localhost:3203/assets/media/kellecicihanusta_1748873827_3646140394579876146_63990966305_3.jpg:0
[  442449ms] [ERROR] Failed to load resource: net::ERR_CONNECTION_REFUSED @ http://localhost:3203/assets/media/kellecicihanusta_1763981424_3772872097995981253_63990966305_1.jpg:0
[  447448ms] [ERROR] Failed to load resource: net::ERR_CONNECTION_REFUSED @ http://localhost:3203/assets/media/kellecicihanusta_1772016485_3840274786631039351_63990966305_1.jpg:0
[  452449ms] [ERROR] Failed to load resource: net::ERR_CONNECTION_REFUSED @ http://localhost:3203/assets/media/kellecicihanusta_1748873827_3646140394579876146_63990966305_3.jpg:0
[  457449ms] [ERROR] Failed to load resource: net::ERR_CONNECTION_REFUSED @ http://localhost:3203/assets/media/kellecicihanusta_1763981424_3772872097995981253_63990966305_1.jpg:0
[  462449ms] [ERROR] Failed to load resource: net::ERR_CONNECTION_REFUSED @ http://localhost:3203/assets/media/kellecicihanusta_1772016485_3840274786631039351_63990966305_1.jpg:0
[  467449ms] [ERROR] Failed to load resource: net::ERR_CONNECTION_REFUSED @ http://localhost:3203/assets/media/kellecicihanusta_1748873827_3646140394579876146_63990966305_3.jpg:0
[  472449ms] [ERROR] Failed to load resource: net::ERR_CONNECTION_REFUSED @ http://localhost:3203/assets/media/kellecicihanusta_1763981424_3772872097995981253_63990966305_1.jpg:0
[  477447ms] [ERROR] Failed to load resource: net::ERR_CONNECTION_REFUSED @ http://localhost:3203/assets/media/kellecicihanusta_1772016485_3840274786631039351_63990966305_1.jpg:0
[  482448ms] [ERROR] Failed to load resource: net::ERR_CONNECTION_REFUSED @ http://localhost:3203/assets/media/kellecicihanusta_1748873827_3646140394579876146_63990966305_3.jpg:0
[  487449ms] [ERROR] Failed to load resource: net::ERR_CONNECTION_REFUSED @ http://localhost:3203/assets/media/kellecicihanusta_1763981424_3772872097995981253_63990966305_1.jpg:0
[  492449ms] [ERROR] Failed to load resource: net::ERR_CONNECTION_REFUSED @ http://localhost:3203/assets/media/kellecicihanusta_1772016485_3840274786631039351_63990966305_1.jpg:0
[  497449ms] [ERROR] Failed to load resource: net::ERR_CONNECTION_REFUSED @ http://localhost:3203/assets/media/kellecicihanusta_1748873827_3646140394579876146_63990966305_3.jpg:0
[  502449ms] [ERROR] Failed to load resource: net::ERR_CONNECTION_REFUSED @ http://localhost:3203/assets/media/kellecicihanusta_1763981424_3772872097995981253_63990966305_1.jpg:0
[  507448ms] [ERROR] Failed to load resource: net::ERR_CONNECTION_REFUSED @ http://localhost:3203/assets/media/kellecicihanusta_1772016485_3840274786631039351_63990966305_1.jpg:0
[  512448ms] [ERROR] Failed to load resource: net::ERR_CONNECTION_REFUSED @ http://localhost:3203/assets/media/kellecicihanusta_1748873827_3646140394579876146_63990966305_3.jpg:0
[  517449ms] [ERROR] Failed to load resource: net::ERR_CONNECTION_REFUSED @ http://localhost:3203/assets/media/kellecicihanusta_1763981424_3772872097995981253_63990966305_1.jpg:0
[  522449ms] [ERROR] Failed to load resource: net::ERR_CONNECTION_REFUSED @ http://localhost:3203/assets/media/kellecicihanusta_1772016485_3840274786631039351_63990966305_1.jpg:0
[  527449ms] [ERROR] Failed to load resource: net::ERR_CONNECTION_REFUSED @ http://localhost:3203/assets/media/kellecicihanusta_1748873827_3646140394579876146_63990966305_3.jpg:0
[  532448ms] [ERROR] Failed to load resource: net::ERR_CONNECTION_REFUSED @ http://localhost:3203/assets/media/kellecicihanusta_1763981424_3772872097995981253_63990966305_1.jpg:0
[  537448ms] [ERROR] Failed to load resource: net::ERR_CONNECTION_REFUSED @ http://localhost:3203/assets/media/kellecicihanusta_1772016485_3840274786631039351_63990966305_1.jpg:0
[  542448ms] [ERROR] Failed to load resource: net::ERR_CONNECTION_REFUSED @ http://localhost:3203/assets/media/kellecicihanusta_1748873827_3646140394579876146_63990966305_3.jpg:0
[  547448ms] [ERROR] Failed to load resource: net::ERR_CONNECTION_REFUSED @ http://localhost:3203/assets/media/kellecicihanusta_1763981424_3772872097995981253_63990966305_1.jpg:0
[  552448ms] [ERROR] Failed to load resource: net::ERR_CONNECTION_REFUSED @ http://localhost:3203/assets/media/kellecicihanusta_1772016485_3840274786631039351_63990966305_1.jpg:0
[  557448ms] [ERROR] Failed to load resource: net::ERR_CONNECTION_REFUSED @ http://localhost:3203/assets/media/kellecicihanusta_1748873827_3646140394579876146_63990966305_3.jpg:0
[  562448ms] [ERROR] Failed to load resource: net::ERR_CONNECTION_REFUSED @ http://localhost:3203/assets/media/kellecicihanusta_1763981424_3772872097995981253_63990966305_1.jpg:0
[  567448ms] [ERROR] Failed to load resource: net::ERR_CONNECTION_REFUSED @ http://localhost:3203/assets/media/kellecicihanusta_1772016485_3840274786631039351_63990966305_1.jpg:0
[  572448ms] [ERROR] Failed to load resource: net::ERR_CONNECTION_REFUSED @ http://localhost:3203/assets/media/kellecicihanusta_1748873827_3646140394579876146_63990966305_3.jpg:0
[  577448ms] [ERROR] Failed to load resource: net::ERR_CONNECTION_REFUSED @ http://localhost:3203/assets/media/kellecicihanusta_1763981424_3772872097995981253_63990966305_1.jpg:0
[  582448ms] [ERROR] Failed to load resource: net::ERR_CONNECTION_REFUSED @ http://localhost:3203/assets/media/kellecicihanusta_1772016485_3840274786631039351_63990966305_1.jpg:0
[  587448ms] [ERROR] Failed to load resource: net::ERR_CONNECTION_REFUSED @ http://localhost:3203/assets/media/kellecicihanusta_1748873827_3646140394579876146_63990966305_3.jpg:0
[  592448ms] [ERROR] Failed to load resource: net::ERR_CONNECTION_REFUSED @ http://localhost:3203/assets/media/kellecicihanusta_1763981424_3772872097995981253_63990966305_1.jpg:0
[  597448ms] [ERROR] Failed to load resource: net::ERR_CONNECTION_REFUSED @ http://localhost:3203/assets/media/kellecicihanusta_1772016485_3840274786631039351_63990966305_1.jpg:0
[  602447ms] [ERROR] Failed to load resource: net::ERR_CONNECTION_REFUSED @ http://localhost:3203/assets/media/kellecicihanusta_1748873827_3646140394579876146_63990966305_3.jpg:0
[  607447ms] [ERROR] Failed to load resource: net::ERR_CONNECTION_REFUSED @ http://localhost:3203/assets/media/kellecicihanusta_1763981424_3772872097995981253_63990966305_1.jpg:0
[  612447ms] [ERROR] Failed to load resource: net::ERR_CONNECTION_REFUSED @ http://localhost:3203/assets/media/kellecicihanusta_1772016485_3840274786631039351_63990966305_1.jpg:0
[  617447ms] [ERROR] Failed to load resource: net::ERR_CONNECTION_REFUSED @ http://localhost:3203/assets/media/kellecicihanusta_1748873827_3646140394579876146_63990966305_3.jpg:0
[  622447ms] [ERROR] Failed to load resource: net::ERR_CONNECTION_REFUSED @ http://localhost:3203/assets/media/kellecicihanusta_1763981424_3772872097995981253_63990966305_1.jpg:0
[  627448ms] [ERROR] Failed to load resource: net::ERR_CONNECTION_REFUSED @ http://localhost:3203/assets/media/kellecicihanusta_1772016485_3840274786631039351_63990966305_1.jpg:0
[  632448ms] [ERROR] Failed to load resource: net::ERR_CONNECTION_REFUSED @ http://localhost:3203/assets/media/kellecicihanusta_1748873827_3646140394579876146_63990966305_3.jpg:0
[  637448ms] [ERROR] Failed to load resource: net::ERR_CONNECTION_REFUSED @ http://localhost:3203/assets/media/kellecicihanusta_1763981424_3772872097995981253_63990966305_1.jpg:0
[  642448ms] [ERROR] Failed to load resource: net::ERR_CONNECTION_REFUSED @ http://localhost:3203/assets/media/kellecicihanusta_1772016485_3840274786631039351_63990966305_1.jpg:0
[  647448ms] [ERROR] Failed to load resource: net::ERR_CONNECTION_REFUSED @ http://localhost:3203/assets/media/kellecicihanusta_1748873827_3646140394579876146_63990966305_3.jpg:0
[  652448ms] [ERROR] Failed to load resource: net::ERR_CONNECTION_REFUSED @ http://localhost:3203/assets/media/kellecicihanusta_1763981424_3772872097995981253_63990966305_1.jpg:0
[  657449ms] [ERROR] Failed to load resource: net::ERR_CONNECTION_REFUSED @ http://localhost:3203/assets/media/kellecicihanusta_1772016485_3840274786631039351_63990966305_1.jpg:0
[  662447ms] [ERROR] Failed to load resource: net::ERR_CONNECTION_REFUSED @ http://localhost:3203/assets/media/kellecicihanusta_1748873827_3646140394579876146_63990966305_3.jpg:0
[  667448ms] [ERROR] Failed to load resource: net::ERR_CONNECTION_REFUSED @ http://localhost:3203/assets/media/kellecicihanusta_1763981424_3772872097995981253_63990966305_1.jpg:0
[  672449ms] [ERROR] Failed to load resource: net::ERR_CONNECTION_REFUSED @ http://localhost:3203/assets/media/kellecicihanusta_1772016485_3840274786631039351_63990966305_1.jpg:0
[  677448ms] [ERROR] Failed to load resource: net::ERR_CONNECTION_REFUSED @ http://localhost:3203/assets/media/kellecicihanusta_1748873827_3646140394579876146_63990966305_3.jpg:0
[  682448ms] [ERROR] Failed to load resource: net::ERR_CONNECTION_REFUSED @ http://localhost:3203/assets/media/kellecicihanusta_1763981424_3772872097995981253_63990966305_1.jpg:0
[  687448ms] [ERROR] Failed to load resource: net::ERR_CONNECTION_REFUSED @ http://localhost:3203/assets/media/kellecicihanusta_1772016485_3840274786631039351_63990966305_1.jpg:0
[  692448ms] [ERROR] Failed to load resource: net::ERR_CONNECTION_REFUSED @ http://localhost:3203/assets/media/kellecicihanusta_1748873827_3646140394579876146_63990966305_3.jpg:0
[  697448ms] [ERROR] Failed to load resource: net::ERR_CONNECTION_REFUSED @ http://localhost:3203/assets/media/kellecicihanusta_1763981424_3772872097995981253_63990966305_1.jpg:0
[  702449ms] [ERROR] Failed to load resource: net::ERR_CONNECTION_REFUSED @ http://localhost:3203/assets/media/kellecicihanusta_1772016485_3840274786631039351_63990966305_1.jpg:0
[  707448ms] [ERROR] Failed to load resource: net::ERR_CONNECTION_REFUSED @ http://localhost:3203/assets/media/kellecicihanusta_1748873827_3646140394579876146_63990966305_3.jpg:0
[  712447ms] [ERROR] Failed to load resource: net::ERR_CONNECTION_REFUSED @ http://localhost:3203/assets/media/kellecicihanusta_1763981424_3772872097995981253_63990966305_1.jpg:0
[  717447ms] [ERROR] Failed to load resource: net::ERR_CONNECTION_REFUSED @ http://localhost:3203/assets/media/kellecicihanusta_1772016485_3840274786631039351_63990966305_1.jpg:0
[  722447ms] [ERROR] Failed to load resource: net::ERR_CONNECTION_REFUSED @ http://localhost:3203/assets/media/kellecicihanusta_1748873827_3646140394579876146_63990966305_3.jpg:0
[  727447ms] [ERROR] Failed to load resource: net::ERR_CONNECTION_REFUSED @ http://localhost:3203/assets/media/kellecicihanusta_1763981424_3772872097995981253_63990966305_1.jpg:0
[  732448ms] [ERROR] Failed to load resource: net::ERR_CONNECTION_REFUSED @ http://localhost:3203/assets/media/kellecicihanusta_1772016485_3840274786631039351_63990966305_1.jpg:0
[  737447ms] [ERROR] Failed to load resource: net::ERR_CONNECTION_REFUSED @ http://localhost:3203/assets/media/kellecicihanusta_1748873827_3646140394579876146_63990966305_3.jpg:0
[  742448ms] [ERROR] Failed to load resource: net::ERR_CONNECTION_REFUSED @ http://localhost:3203/assets/media/kellecicihanusta_1763981424_3772872097995981253_63990966305_1.jpg:0
[  747447ms] [ERROR] Failed to load resource: net::ERR_CONNECTION_REFUSED @ http://localhost:3203/assets/media/kellecicihanusta_1772016485_3840274786631039351_63990966305_1.jpg:0
[  752447ms] [ERROR] Failed to load resource: net::ERR_CONNECTION_REFUSED @ http://localhost:3203/assets/media/kellecicihanusta_1748873827_3646140394579876146_63990966305_3.jpg:0
[  757448ms] [ERROR] Failed to load resource: net::ERR_CONNECTION_REFUSED @ http://localhost:3203/assets/media/kellecicihanusta_1763981424_3772872097995981253_63990966305_1.jpg:0
[  762398ms] [ERROR] Failed to load resource: net::ERR_CONNECTION_REFUSED @ http://localhost:3203/assets/media/kellecicihanusta_1772016485_3840274786631039351_63990966305_1.jpg:0
[  767397ms] [ERROR] Failed to load resource: net::ERR_CONNECTION_REFUSED @ http://localhost:3203/assets/media/kellecicihanusta_1748873827_3646140394579876146_63990966305_3.jpg:0
[  772396ms] [ERROR] Failed to load resource: net::ERR_CONNECTION_REFUSED @ http://localhost:3203/assets/media/kellecicihanusta_1763981424_3772872097995981253_63990966305_1.jpg:0
[  777397ms] [ERROR] Failed to load resource: net::ERR_CONNECTION_REFUSED @ http://localhost:3203/assets/media/kellecicihanusta_1772016485_3840274786631039351_63990966305_1.jpg:0
[  782396ms] [ERROR] Failed to load resource: net::ERR_CONNECTION_REFUSED @ http://localhost:3203/assets/media/kellecicihanusta_1748873827_3646140394579876146_63990966305_3.jpg:0
[  787396ms] [ERROR] Failed to load resource: net::ERR_CONNECTION_REFUSED @ http://localhost:3203/assets/media/kellecicihanusta_1763981424_3772872097995981253_63990966305_1.jpg:0
[  792396ms] [ERROR] Failed to load resource: net::ERR_CONNECTION_REFUSED @ http://localhost:3203/assets/media/kellecicihanusta_1772016485_3840274786631039351_63990966305_1.jpg:0
[  797396ms] [ERROR] Failed to load resource: net::ERR_CONNECTION_REFUSED @ http://localhost:3203/assets/media/kellecicihanusta_1748873827_3646140394579876146_63990966305_3.jpg:0
[  802396ms] [ERROR] Failed to load resource: net::ERR_CONNECTION_REFUSED @ http://localhost:3203/assets/media/kellecicihanusta_1763981424_3772872097995981253_63990966305_1.jpg:0
[  807396ms] [ERROR] Failed to load resource: net::ERR_CONNECTION_REFUSED @ http://localhost:3203/assets/media/kellecicihanusta_1772016485_3840274786631039351_63990966305_1.jpg:0
[  812395ms] [ERROR] Failed to load resource: net::ERR_CONNECTION_REFUSED @ http://localhost:3203/assets/media/kellecicihanusta_1748873827_3646140394579876146_63990966305_3.jpg:0
[  817395ms] [ERROR] Failed to load resource: net::ERR_CONNECTION_REFUSED @ http://localhost:3203/assets/media/kellecicihanusta_1763981424_3772872097995981253_63990966305_1.jpg:0
[  822395ms] [ERROR] Failed to load resource: net::ERR_CONNECTION_REFUSED @ http://localhost:3203/assets/media/kellecicihanusta_1772016485_3840274786631039351_63990966305_1.jpg:0
[  827395ms] [ERROR] Failed to load resource: net::ERR_CONNECTION_REFUSED @ http://localhost:3203/assets/media/kellecicihanusta_1748873827_3646140394579876146_63990966305_3.jpg:0
[  832395ms] [ERROR] Failed to load resource: net::ERR_CONNECTION_REFUSED @ http://localhost:3203/assets/media/kellecicihanusta_1763981424_3772872097995981253_63990966305_1.jpg:0
[  837395ms] [ERROR] Failed to load resource: net::ERR_CONNECTION_REFUSED @ http://localhost:3203/assets/media/kellecicihanusta_1772016485_3840274786631039351_63990966305_1.jpg:0
[  842394ms] [ERROR] Failed to load resource: net::ERR_CONNECTION_REFUSED @ http://localhost:3203/assets/media/kellecicihanusta_1748873827_3646140394579876146_63990966305_3.jpg:0
[  847394ms] [ERROR] Failed to load resource: net::ERR_CONNECTION_REFUSED @ http://localhost:3203/assets/media/kellecicihanusta_1763981424_3772872097995981253_63990966305_1.jpg:0
[  852395ms] [ERROR] Failed to load resource: net::ERR_CONNECTION_REFUSED @ http://localhost:3203/assets/media/kellecicihanusta_1772016485_3840274786631039351_63990966305_1.jpg:0
[  857395ms] [ERROR] Failed to load resource: net::ERR_CONNECTION_REFUSED @ http://localhost:3203/assets/media/kellecicihanusta_1748873827_3646140394579876146_63990966305_3.jpg:0
[  862395ms] [ERROR] Failed to load resource: net::ERR_CONNECTION_REFUSED @ http://localhost:3203/assets/media/kellecicihanusta_1763981424_3772872097995981253_63990966305_1.jpg:0
[  867395ms] [ERROR] Failed to load resource: net::ERR_CONNECTION_REFUSED @ http://localhost:3203/assets/media/kellecicihanusta_1772016485_3840274786631039351_63990966305_1.jpg:0
[  872395ms] [ERROR] Failed to load resource: net::ERR_CONNECTION_REFUSED @ http://localhost:3203/assets/media/kellecicihanusta_1748873827_3646140394579876146_63990966305_3.jpg:0
[  877394ms] [ERROR] Failed to load resource: net::ERR_CONNECTION_REFUSED @ http://localhost:3203/assets/media/kellecicihanusta_1763981424_3772872097995981253_63990966305_1.jpg:0
[  882394ms] [ERROR] Failed to load resource: net::ERR_CONNECTION_REFUSED @ http://localhost:3203/assets/media/kellecicihanusta_1772016485_3840274786631039351_63990966305_1.jpg:0
[  887394ms] [ERROR] Failed to load resource: net::ERR_CONNECTION_REFUSED @ http://localhost:3203/assets/media/kellecicihanusta_1748873827_3646140394579876146_63990966305_3.jpg:0
[  892394ms] [ERROR] Failed to load resource: net::ERR_CONNECTION_REFUSED @ http://localhost:3203/assets/media/kellecicihanusta_1763981424_3772872097995981253_63990966305_1.jpg:0
[  897394ms] [ERROR] Failed to load resource: net::ERR_CONNECTION_REFUSED @ http://localhost:3203/assets/media/kellecicihanusta_1772016485_3840274786631039351_63990966305_1.jpg:0
[  902393ms] [ERROR] Failed to load resource: net::ERR_CONNECTION_REFUSED @ http://localhost:3203/assets/media/kellecicihanusta_1748873827_3646140394579876146_63990966305_3.jpg:0
[  907395ms] [ERROR] Failed to load resource: net::ERR_CONNECTION_REFUSED @ http://localhost:3203/assets/media/kellecicihanusta_1763981424_3772872097995981253_63990966305_1.jpg:0
[  912394ms] [ERROR] Failed to load resource: net::ERR_CONNECTION_REFUSED @ http://localhost:3203/assets/media/kellecicihanusta_1772016485_3840274786631039351_63990966305_1.jpg:0
[  917394ms] [ERROR] Failed to load resource: net::ERR_CONNECTION_REFUSED @ http://localhost:3203/assets/media/kellecicihanusta_1748873827_3646140394579876146_63990966305_3.jpg:0
[  922393ms] [ERROR] Failed to load resource: net::ERR_CONNECTION_REFUSED @ http://localhost:3203/assets/media/kellecicihanusta_1763981424_3772872097995981253_63990966305_1.jpg:0
[  927392ms] [ERROR] Failed to load resource: net::ERR_CONNECTION_REFUSED @ http://localhost:3203/assets/media/kellecicihanusta_1772016485_3840274786631039351_63990966305_1.jpg:0
[  932393ms] [ERROR] Failed to load resource: net::ERR_CONNECTION_REFUSED @ http://localhost:3203/assets/media/kellecicihanusta_1748873827_3646140394579876146_63990966305_3.jpg:0
[  937393ms] [ERROR] Failed to load resource: net::ERR_CONNECTION_REFUSED @ http://localhost:3203/assets/media/kellecicihanusta_1763981424_3772872097995981253_63990966305_1.jpg:0
[  942393ms] [ERROR] Failed to load resource: net::ERR_CONNECTION_REFUSED @ http://localhost:3203/assets/media/kellecicihanusta_1772016485_3840274786631039351_63990966305_1.jpg:0
[  947393ms] [ERROR] Failed to load resource: net::ERR_CONNECTION_REFUSED @ http://localhost:3203/assets/media/kellecicihanusta_1748873827_3646140394579876146_63990966305_3.jpg:0
[  952394ms] [ERROR] Failed to load resource: net::ERR_CONNECTION_REFUSED @ http://localhost:3203/assets/media/kellecicihanusta_1763981424_3772872097995981253_63990966305_1.jpg:0
[  957393ms] [ERROR] Failed to load resource: net::ERR_CONNECTION_REFUSED @ http://localhost:3203/assets/media/kellecicihanusta_1772016485_3840274786631039351_63990966305_1.jpg:0
[  962393ms] [ERROR] Failed to load resource: net::ERR_CONNECTION_REFUSED @ http://localhost:3203/assets/media/kellecicihanusta_1748873827_3646140394579876146_63990966305_3.jpg:0
[  967393ms] [ERROR] Failed to load resource: net::ERR_CONNECTION_REFUSED @ http://localhost:3203/assets/media/kellecicihanusta_1763981424_3772872097995981253_63990966305_1.jpg:0
[  972392ms] [ERROR] Failed to load resource: net::ERR_CONNECTION_REFUSED @ http://localhost:3203/assets/media/kellecicihanusta_1772016485_3840274786631039351_63990966305_1.jpg:0
[  977393ms] [ERROR] Failed to load resource: net::ERR_CONNECTION_REFUSED @ http://localhost:3203/assets/media/kellecicihanusta_1748873827_3646140394579876146_63990966305_3.jpg:0
[  982392ms] [ERROR] Failed to load resource: net::ERR_CONNECTION_REFUSED @ http://localhost:3203/assets/media/kellecicihanusta_1763981424_3772872097995981253_63990966305_1.jpg:0
[  987393ms] [ERROR] Failed to load resource: net::ERR_CONNECTION_REFUSED @ http://localhost:3203/assets/media/kellecicihanusta_1772016485_3840274786631039351_63990966305_1.jpg:0
[  992394ms] [ERROR] Failed to load resource: net::ERR_CONNECTION_REFUSED @ http://localhost:3203/assets/media/kellecicihanusta_1748873827_3646140394579876146_63990966305_3.jpg:0
[  997392ms] [ERROR] Failed to load resource: net::ERR_CONNECTION_REFUSED @ http://localhost:3203/assets/media/kellecicihanusta_1763981424_3772872097995981253_63990966305_1.jpg:0
[ 1002392ms] [ERROR] Failed to load resource: net::ERR_CONNECTION_REFUSED @ http://localhost:3203/assets/media/kellecicihanusta_1772016485_3840274786631039351_63990966305_1.jpg:0
[ 1007392ms] [ERROR] Failed to load resource: net::ERR_CONNECTION_REFUSED @ http://localhost:3203/assets/media/kellecicihanusta_1748873827_3646140394579876146_63990966305_3.jpg:0
[ 1012392ms] [ERROR] Failed to load resource: net::ERR_CONNECTION_REFUSED @ http://localhost:3203/assets/media/kellecicihanusta_1763981424_3772872097995981253_63990966305_1.jpg:0
[ 1017392ms] [ERROR] Failed to load resource: net::ERR_CONNECTION_REFUSED @ http://localhost:3203/assets/media/kellecicihanusta_1772016485_3840274786631039351_63990966305_1.jpg:0
