[    3961ms] [INFO] %cDownload the React DevTools for a better development experience: https://reactjs.org/link/react-devtools font-weight:bold @ webpack-internal:///(app-pages-browser)/./node_modules/next/dist/compiled/react-dom/cjs/react-dom.development.js:38559
[    4005ms] [ERROR] Failed to load resource: the server responded with a status of 404 (Not Found) @ http://localhost:3203/favicon.ico:0
[  123996ms] ChunkLoadError: Loading chunk app/layout failed.
(timeout: http://localhost:3203/_next/static/chunks/app/layout.js)
    at __webpack_require__.f.j (http://localhost:3203/_next/static/chunks/webpack.js?v=1779721974133:852:29)
    at http://localhost:3203/_next/static/chunks/webpack.js?v=1779721974133:155:40
    at Array.reduce (<anonymous>)
    at __webpack_require__.e (http://localhost:3203/_next/static/chunks/webpack.js?v=1779721974133:154:67)
    at fn.e (http://localhost:3203/_next/static/chunks/webpack.js?v=1779721974133:391:50)
    at loadChunk (webpack-internal:///(app-pages-browser)/./node_modules/next/dist/compiled/react-server-dom-webpack/cjs/react-server-dom-webpack-client.browser.development.js:244:30)
    at preloadModule (webpack-internal:///(app-pages-browser)/./node_modules/next/dist/compiled/react-server-dom-webpack/cjs/react-server-dom-webpack-client.browser.development.js:170:22)
    at resolveModule (webpack-internal:///(app-pages-browser)/./node_modules/next/dist/compiled/react-server-dom-webpack/cjs/react-server-dom-webpack-client.browser.development.js:1813:17)
    at processFullRow (webpack-internal:///(app-pages-browser)/./node_modules/next/dist/compiled/react-server-dom-webpack/cjs/react-server-dom-webpack-client.browser.development.js:1902:9)
    at processBinaryChunk (webpack-internal:///(app-pages-browser)/./node_modules/next/dist/compiled/react-server-dom-webpack/cjs/react-server-dom-webpack-client.browser.development.js:2072:7)
[  123999ms] [ERROR] Warning: An error occurred during hydration. The server HTML was replaced with client content in <%s>. #document @ webpack-internal:///(app-pages-browser)/./node_modules/next/dist/client/app-index.js:32
[  124000ms] ChunkLoadError: Loading chunk app/layout failed.
(timeout: http://localhost:3203/_next/static/chunks/app/layout.js)
    at __webpack_require__.f.j (http://localhost:3203/_next/static/chunks/webpack.js?v=1779721974133:852:29)
    at http://localhost:3203/_next/static/chunks/webpack.js?v=1779721974133:155:40
    at Array.reduce (<anonymous>)
    at __webpack_require__.e (http://localhost:3203/_next/static/chunks/webpack.js?v=1779721974133:154:67)
    at fn.e (http://localhost:3203/_next/static/chunks/webpack.js?v=1779721974133:391:50)
    at loadChunk (webpack-internal:///(app-pages-browser)/./node_modules/next/dist/compiled/react-server-dom-webpack/cjs/react-server-dom-webpack-client.browser.development.js:244:30)
    at preloadModule (webpack-internal:///(app-pages-browser)/./node_modules/next/dist/compiled/react-server-dom-webpack/cjs/react-server-dom-webpack-client.browser.development.js:170:22)
    at resolveModule (webpack-internal:///(app-pages-browser)/./node_modules/next/dist/compiled/react-server-dom-webpack/cjs/react-server-dom-webpack-client.browser.development.js:1813:17)
    at processFullRow (webpack-internal:///(app-pages-browser)/./node_modules/next/dist/compiled/react-server-dom-webpack/cjs/react-server-dom-webpack-client.browser.development.js:1902:9)
    at processBinaryChunk (webpack-internal:///(app-pages-browser)/./node_modules/next/dist/compiled/react-server-dom-webpack/cjs/react-server-dom-webpack-client.browser.development.js:2072:7)
[  124000ms] ChunkLoadError: Loading chunk app/layout failed.
(timeout: http://localhost:3203/_next/static/chunks/app/layout.js)
    at __webpack_require__.f.j (http://localhost:3203/_next/static/chunks/webpack.js?v=1779721974133:852:29)
    at http://localhost:3203/_next/static/chunks/webpack.js?v=1779721974133:155:40
    at Array.reduce (<anonymous>)
    at __webpack_require__.e (http://localhost:3203/_next/static/chunks/webpack.js?v=1779721974133:154:67)
    at fn.e (http://localhost:3203/_next/static/chunks/webpack.js?v=1779721974133:391:50)
    at loadChunk (webpack-internal:///(app-pages-browser)/./node_modules/next/dist/compiled/react-server-dom-webpack/cjs/react-server-dom-webpack-client.browser.development.js:244:30)
    at preloadModule (webpack-internal:///(app-pages-browser)/./node_modules/next/dist/compiled/react-server-dom-webpack/cjs/react-server-dom-webpack-client.browser.development.js:170:22)
    at resolveModule (webpack-internal:///(app-pages-browser)/./node_modules/next/dist/compiled/react-server-dom-webpack/cjs/react-server-dom-webpack-client.browser.development.js:1813:17)
    at processFullRow (webpack-internal:///(app-pages-browser)/./node_modules/next/dist/compiled/react-server-dom-webpack/cjs/react-server-dom-webpack-client.browser.development.js:1902:9)
    at processBinaryChunk (webpack-internal:///(app-pages-browser)/./node_modules/next/dist/compiled/react-server-dom-webpack/cjs/react-server-dom-webpack-client.browser.development.js:2072:7)
[  124000ms] ChunkLoadError: Loading chunk app/layout failed.
(timeout: http://localhost:3203/_next/static/chunks/app/layout.js)
    at __webpack_require__.f.j (http://localhost:3203/_next/static/chunks/webpack.js?v=1779721974133:852:29)
    at http://localhost:3203/_next/static/chunks/webpack.js?v=1779721974133:155:40
    at Array.reduce (<anonymous>)
    at __webpack_require__.e (http://localhost:3203/_next/static/chunks/webpack.js?v=1779721974133:154:67)
    at fn.e (http://localhost:3203/_next/static/chunks/webpack.js?v=1779721974133:391:50)
    at loadChunk (webpack-internal:///(app-pages-browser)/./node_modules/next/dist/compiled/react-server-dom-webpack/cjs/react-server-dom-webpack-client.browser.development.js:244:30)
    at preloadModule (webpack-internal:///(app-pages-browser)/./node_modules/next/dist/compiled/react-server-dom-webpack/cjs/react-server-dom-webpack-client.browser.development.js:170:22)
    at resolveModule (webpack-internal:///(app-pages-browser)/./node_modules/next/dist/compiled/react-server-dom-webpack/cjs/react-server-dom-webpack-client.browser.development.js:1813:17)
    at processFullRow (webpack-internal:///(app-pages-browser)/./node_modules/next/dist/compiled/react-server-dom-webpack/cjs/react-server-dom-webpack-client.browser.development.js:1902:9)
    at processBinaryChunk (webpack-internal:///(app-pages-browser)/./node_modules/next/dist/compiled/react-server-dom-webpack/cjs/react-server-dom-webpack-client.browser.development.js:2072:7)
[  124002ms] [ERROR] The above error occurred in the <NotFoundErrorBoundary> component:

    at Lazy
    at body
    at html
    at RootLayout (Server)
    at RedirectErrorBoundary (webpack-internal:///(app-pages-browser)/./node_modules/next/dist/client/components/redirect-boundary.js:74:9)
    at RedirectBoundary (webpack-internal:///(app-pages-browser)/./node_modules/next/dist/client/components/redirect-boundary.js:82:11)
    at NotFoundErrorBoundary (webpack-internal:///(app-pages-browser)/./node_modules/next/dist/client/components/not-found-boundary.js:76:9)
    at NotFoundBoundary (webpack-internal:///(app-pages-browser)/./node_modules/next/dist/client/components/not-found-boundary.js:84:11)
    at DevRootNotFoundBoundary (webpack-internal:///(app-pages-browser)/./node_modules/next/dist/client/components/dev-root-not-found-boundary.js:33:11)
    at ReactDevOverlay (webpack-internal:///(app-pages-browser)/./node_modules/next/dist/client/components/react-dev-overlay/app/ReactDevOverlay.js:87:9)
    at HotReload (webpack-internal:///(app-pages-browser)/./node_modules/next/dist/client/components/react-dev-overlay/app/hot-reloader-client.js:321:11)
    at Router (webpack-internal:///(app-pages-browser)/./node_modules/next/dist/client/components/app-router.js:207:11)
    at ErrorBoundaryHandler (webpack-internal:///(app-pages-browser)/./node_modules/next/dist/client/components/error-boundary.js:113:9)
    at ErrorBoundary (webpack-internal:///(app-pages-browser)/./node_modules/next/dist/client/components/error-boundary.js:160:11)
    at AppRouter (webpack-internal:///(app-pages-browser)/./node_modules/next/dist/client/components/app-router.js:585:13)
    at ServerRoot (webpack-internal:///(app-pages-browser)/./node_modules/next/dist/client/app-index.js:112:27)
    at Root (webpack-internal:///(app-pages-browser)/./node_modules/next/dist/client/app-index.js:117:11)

React will try to recreate this component tree from scratch using the error boundary you provided, ReactDevOverlay. @ webpack-internal:///(app-pages-browser)/./node_modules/next/dist/client/app-index.js:32
[  124041ms] Error: There was an error while hydrating. Because the error happened outside of a Suspense boundary, the entire root will switch to client rendering.
See more info here: https://nextjs.org/docs/messages/react-hydration-error
    at updateHostRoot (webpack-internal:///(app-pages-browser)/./node_modules/next/dist/compiled/react-dom/cjs/react-dom.development.js:16571:57)
    at beginWork$1 (webpack-internal:///(app-pages-browser)/./node_modules/next/dist/compiled/react-dom/cjs/react-dom.development.js:18486:14)
    at beginWork (webpack-internal:///(app-pages-browser)/./node_modules/next/dist/compiled/react-dom/cjs/react-dom.development.js:26927:14)
    at performUnitOfWork (webpack-internal:///(app-pages-browser)/./node_modules/next/dist/compiled/react-dom/cjs/react-dom.development.js:25748:12)
    at workLoopSync (webpack-internal:///(app-pages-browser)/./node_modules/next/dist/compiled/react-dom/cjs/react-dom.development.js:25464:5)
    at renderRootSync (webpack-internal:///(app-pages-browser)/./node_modules/next/dist/compiled/react-dom/cjs/react-dom.development.js:25419:7)
    at recoverFromConcurrentError (webpack-internal:///(app-pages-browser)/./node_modules/next/dist/compiled/react-dom/cjs/react-dom.development.js:24597:20)
    at performConcurrentWorkOnRoot (webpack-internal:///(app-pages-browser)/./node_modules/next/dist/compiled/react-dom/cjs/react-dom.development.js:24542:26)
    at workLoop (webpack-internal:///(app-pages-browser)/./node_modules/next/dist/compiled/scheduler/cjs/scheduler.development.js:256:34)
    at flushWork (webpack-internal:///(app-pages-browser)/./node_modules/next/dist/compiled/scheduler/cjs/scheduler.development.js:225:14)
    at MessagePort.performWorkUntilDeadline (webpack-internal:///(app-pages-browser)/./node_modules/next/dist/compiled/scheduler/cjs/scheduler.development.js:534:21)
[  124049ms] [ERROR] WebSocket connection to 'ws://localhost:3203/_next/webpack-hmr' failed: Error in connection establishment: net::ERR_CONNECTION_REFUSED @ webpack-internal:///(app-pages-browser)/./node_modules/next/dist/client/components/react-dev-overlay/internal/helpers/use-websocket.js:41
[  124050ms] [ERROR] Failed to load resource: net::ERR_CONNECTION_REFUSED @ http://localhost:3203/__nextjs_original-stack-frame?isServer=false&isEdgeServer=false&isAppDirectory=true&errorMessage=ChunkLoadError%3A+Loading+chunk+app%2Flayout+failed.%0A%28timeout%3A+http%3A%2F%2Flocalhost%3A3203%2F_next%2Fstatic%2Fchunks%2Fapp%2Flayout.js%29&file=file%3A%2F%2F%2FUsers%2Fzemherisyy%2FDownloads%2Fkellecicihanusta-main-2%2F.next%2Fstatic%2Fchunks%2Fwebpack.js%3Fv%3D1779721974133&methodName=__webpack_require__.f.j&arguments=&lineNumber=852&column=29:0
[  124050ms] [ERROR] Failed to load resource: net::ERR_CONNECTION_REFUSED @ http://localhost:3203/__nextjs_original-stack-frame?isServer=false&isEdgeServer=false&isAppDirectory=true&errorMessage=ChunkLoadError%3A+Loading+chunk+app%2Flayout+failed.%0A%28timeout%3A+http%3A%2F%2Flocalhost%3A3203%2F_next%2Fstatic%2Fchunks%2Fapp%2Flayout.js%29&file=file%3A%2F%2F%2FUsers%2Fzemherisyy%2FDownloads%2Fkellecicihanusta-main-2%2F.next%2Fstatic%2Fchunks%2Fwebpack.js%3Fv%3D1779721974133&methodName=%3Cunknown%3E&arguments=&lineNumber=155&column=40:0
[  124050ms] [ERROR] Failed to load resource: net::ERR_CONNECTION_REFUSED @ http://localhost:3203/__nextjs_original-stack-frame?isServer=false&isEdgeServer=false&isAppDirectory=true&errorMessage=ChunkLoadError%3A+Loading+chunk+app%2Flayout+failed.%0A%28timeout%3A+http%3A%2F%2Flocalhost%3A3203%2F_next%2Fstatic%2Fchunks%2Fapp%2Flayout.js%29&file=file%3A%2F%2F%2FUsers%2Fzemherisyy%2FDownloads%2Fkellecicihanusta-main-2%2F.next%2Fstatic%2Fchunks%2Fwebpack.js%3Fv%3D1779721974133&methodName=__webpack_require__.e&arguments=&lineNumber=154&column=67:0
[  124050ms] [ERROR] Failed to load resource: net::ERR_CONNECTION_REFUSED @ http://localhost:3203/__nextjs_original-stack-frame?isServer=false&isEdgeServer=false&isAppDirectory=true&errorMessage=ChunkLoadError%3A+Loading+chunk+app%2Flayout+failed.%0A%28timeout%3A+http%3A%2F%2Flocalhost%3A3203%2F_next%2Fstatic%2Fchunks%2Fapp%2Flayout.js%29&file=file%3A%2F%2F%2FUsers%2Fzemherisyy%2FDownloads%2Fkellecicihanusta-main-2%2F.next%2Fstatic%2Fchunks%2Fwebpack.js%3Fv%3D1779721974133&methodName=fn.e&arguments=&lineNumber=391&column=50:0
[  124050ms] [ERROR] Failed to load resource: net::ERR_CONNECTION_REFUSED @ http://localhost:3203/__nextjs_original-stack-frame?isServer=false&isEdgeServer=false&isAppDirectory=true&errorMessage=ChunkLoadError%3A+Loading+chunk+app%2Flayout+failed.%0A%28timeout%3A+http%3A%2F%2Flocalhost%3A3203%2F_next%2Fstatic%2Fchunks%2Fapp%2Flayout.js%29&file=webpack-internal%3A%2F%2F%2F%28app-pages-browser%29%2F.%2Fnode_modules%2Fnext%2Fdist%2Fcompiled%2Freact-server-dom-webpack%2Fcjs%2Freact-server-dom-webpack-client.browser.development.js&methodName=loadChunk&arguments=&lineNumber=244&column=30:0
[  124050ms] [ERROR] Failed to load resource: net::ERR_CONNECTION_REFUSED @ http://localhost:3203/__nextjs_original-stack-frame?isServer=false&isEdgeServer=false&isAppDirectory=true&errorMessage=ChunkLoadError%3A+Loading+chunk+app%2Flayout+failed.%0A%28timeout%3A+http%3A%2F%2Flocalhost%3A3203%2F_next%2Fstatic%2Fchunks%2Fapp%2Flayout.js%29&file=webpack-internal%3A%2F%2F%2F%28app-pages-browser%29%2F.%2Fnode_modules%2Fnext%2Fdist%2Fcompiled%2Freact-server-dom-webpack%2Fcjs%2Freact-server-dom-webpack-client.browser.development.js&methodName=preloadModule&arguments=&lineNumber=170&column=22:0
[  124050ms] [ERROR] Failed to load resource: net::ERR_CONNECTION_REFUSED @ http://localhost:3203/__nextjs_original-stack-frame?isServer=false&isEdgeServer=false&isAppDirectory=true&errorMessage=ChunkLoadError%3A+Loading+chunk+app%2Flayout+failed.%0A%28timeout%3A+http%3A%2F%2Flocalhost%3A3203%2F_next%2Fstatic%2Fchunks%2Fapp%2Flayout.js%29&file=webpack-internal%3A%2F%2F%2F%28app-pages-browser%29%2F.%2Fnode_modules%2Fnext%2Fdist%2Fcompiled%2Freact-server-dom-webpack%2Fcjs%2Freact-server-dom-webpack-client.browser.development.js&methodName=resolveModule&arguments=&lineNumber=1813&column=17:0
[  124051ms] [ERROR] Failed to load resource: net::ERR_CONNECTION_REFUSED @ http://localhost:3203/__nextjs_original-stack-frame?isServer=false&isEdgeServer=false&isAppDirectory=true&errorMessage=ChunkLoadError%3A+Loading+chunk+app%2Flayout+failed.%0A%28timeout%3A+http%3A%2F%2Flocalhost%3A3203%2F_next%2Fstatic%2Fchunks%2Fapp%2Flayout.js%29&file=webpack-internal%3A%2F%2F%2F%28app-pages-browser%29%2F.%2Fnode_modules%2Fnext%2Fdist%2Fcompiled%2Freact-server-dom-webpack%2Fcjs%2Freact-server-dom-webpack-client.browser.development.js&methodName=processFullRow&arguments=&lineNumber=1902&column=9:0
[  124051ms] [ERROR] Failed to load resource: net::ERR_CONNECTION_REFUSED @ http://localhost:3203/__nextjs_original-stack-frame?isServer=false&isEdgeServer=false&isAppDirectory=true&errorMessage=ChunkLoadError%3A+Loading+chunk+app%2Flayout+failed.%0A%28timeout%3A+http%3A%2F%2Flocalhost%3A3203%2F_next%2Fstatic%2Fchunks%2Fapp%2Flayout.js%29&file=webpack-internal%3A%2F%2F%2F%28app-pages-browser%29%2F.%2Fnode_modules%2Fnext%2Fdist%2Fcompiled%2Freact-server-dom-webpack%2Fcjs%2Freact-server-dom-webpack-client.browser.development.js&methodName=processBinaryChunk&arguments=&lineNumber=2072&column=7:0
[  124051ms] [ERROR] Failed to load resource: net::ERR_CONNECTION_REFUSED @ http://localhost:3203/__nextjs_original-stack-frame?isServer=false&isEdgeServer=false&isAppDirectory=true&errorMessage=ChunkLoadError%3A+Loading+chunk+app%2Flayout+failed.%0A%28timeout%3A+http%3A%2F%2Flocalhost%3A3203%2F_next%2Fstatic%2Fchunks%2Fapp%2Flayout.js%29&file=file%3A%2F%2F%2FUsers%2Fzemherisyy%2FDownloads%2Fkellecicihanusta-main-2%2F.next%2Fstatic%2Fchunks%2Fwebpack.js%3Fv%3D1779721974133&methodName=__webpack_require__.f.j&arguments=&lineNumber=852&column=29:0
[  124051ms] [ERROR] Failed to load resource: net::ERR_CONNECTION_REFUSED @ http://localhost:3203/__nextjs_original-stack-frame?isServer=false&isEdgeServer=false&isAppDirectory=true&errorMessage=ChunkLoadError%3A+Loading+chunk+app%2Flayout+failed.%0A%28timeout%3A+http%3A%2F%2Flocalhost%3A3203%2F_next%2Fstatic%2Fchunks%2Fapp%2Flayout.js%29&file=file%3A%2F%2F%2FUsers%2Fzemherisyy%2FDownloads%2Fkellecicihanusta-main-2%2F.next%2Fstatic%2Fchunks%2Fwebpack.js%3Fv%3D1779721974133&methodName=%3Cunknown%3E&arguments=&lineNumber=155&column=40:0
[  124051ms] [ERROR] Failed to load resource: net::ERR_CONNECTION_REFUSED @ http://localhost:3203/__nextjs_original-stack-frame?isServer=false&isEdgeServer=false&isAppDirectory=true&errorMessage=ChunkLoadError%3A+Loading+chunk+app%2Flayout+failed.%0A%28timeout%3A+http%3A%2F%2Flocalhost%3A3203%2F_next%2Fstatic%2Fchunks%2Fapp%2Flayout.js%29&file=file%3A%2F%2F%2FUsers%2Fzemherisyy%2FDownloads%2Fkellecicihanusta-main-2%2F.next%2Fstatic%2Fchunks%2Fwebpack.js%3Fv%3D1779721974133&methodName=__webpack_require__.e&arguments=&lineNumber=154&column=67:0
[  124051ms] [ERROR] Failed to load resource: net::ERR_CONNECTION_REFUSED @ http://localhost:3203/__nextjs_original-stack-frame?isServer=false&isEdgeServer=false&isAppDirectory=true&errorMessage=ChunkLoadError%3A+Loading+chunk+app%2Flayout+failed.%0A%28timeout%3A+http%3A%2F%2Flocalhost%3A3203%2F_next%2Fstatic%2Fchunks%2Fapp%2Flayout.js%29&file=file%3A%2F%2F%2FUsers%2Fzemherisyy%2FDownloads%2Fkellecicihanusta-main-2%2F.next%2Fstatic%2Fchunks%2Fwebpack.js%3Fv%3D1779721974133&methodName=fn.e&arguments=&lineNumber=391&column=50:0
[  124051ms] [ERROR] Failed to load resource: net::ERR_CONNECTION_REFUSED @ http://localhost:3203/__nextjs_original-stack-frame?isServer=false&isEdgeServer=false&isAppDirectory=true&errorMessage=ChunkLoadError%3A+Loading+chunk+app%2Flayout+failed.%0A%28timeout%3A+http%3A%2F%2Flocalhost%3A3203%2F_next%2Fstatic%2Fchunks%2Fapp%2Flayout.js%29&file=webpack-internal%3A%2F%2F%2F%28app-pages-browser%29%2F.%2Fnode_modules%2Fnext%2Fdist%2Fcompiled%2Freact-server-dom-webpack%2Fcjs%2Freact-server-dom-webpack-client.browser.development.js&methodName=loadChunk&arguments=&lineNumber=244&column=30:0
[  124051ms] [ERROR] Failed to load resource: net::ERR_CONNECTION_REFUSED @ http://localhost:3203/__nextjs_original-stack-frame?isServer=false&isEdgeServer=false&isAppDirectory=true&errorMessage=ChunkLoadError%3A+Loading+chunk+app%2Flayout+failed.%0A%28timeout%3A+http%3A%2F%2Flocalhost%3A3203%2F_next%2Fstatic%2Fchunks%2Fapp%2Flayout.js%29&file=webpack-internal%3A%2F%2F%2F%28app-pages-browser%29%2F.%2Fnode_modules%2Fnext%2Fdist%2Fcompiled%2Freact-server-dom-webpack%2Fcjs%2Freact-server-dom-webpack-client.browser.development.js&methodName=preloadModule&arguments=&lineNumber=170&column=22:0
[  124051ms] [ERROR] Failed to load resource: net::ERR_CONNECTION_REFUSED @ http://localhost:3203/__nextjs_original-stack-frame?isServer=false&isEdgeServer=false&isAppDirectory=true&errorMessage=ChunkLoadError%3A+Loading+chunk+app%2Flayout+failed.%0A%28timeout%3A+http%3A%2F%2Flocalhost%3A3203%2F_next%2Fstatic%2Fchunks%2Fapp%2Flayout.js%29&file=webpack-internal%3A%2F%2F%2F%28app-pages-browser%29%2F.%2Fnode_modules%2Fnext%2Fdist%2Fcompiled%2Freact-server-dom-webpack%2Fcjs%2Freact-server-dom-webpack-client.browser.development.js&methodName=resolveModule&arguments=&lineNumber=1813&column=17:0
[  124051ms] [ERROR] Failed to load resource: net::ERR_CONNECTION_REFUSED @ http://localhost:3203/__nextjs_original-stack-frame?isServer=false&isEdgeServer=false&isAppDirectory=true&errorMessage=ChunkLoadError%3A+Loading+chunk+app%2Flayout+failed.%0A%28timeout%3A+http%3A%2F%2Flocalhost%3A3203%2F_next%2Fstatic%2Fchunks%2Fapp%2Flayout.js%29&file=webpack-internal%3A%2F%2F%2F%28app-pages-browser%29%2F.%2Fnode_modules%2Fnext%2Fdist%2Fcompiled%2Freact-server-dom-webpack%2Fcjs%2Freact-server-dom-webpack-client.browser.development.js&methodName=processFullRow&arguments=&lineNumber=1902&column=9:0
[  124051ms] [ERROR] Failed to load resource: net::ERR_CONNECTION_REFUSED @ http://localhost:3203/__nextjs_original-stack-frame?isServer=false&isEdgeServer=false&isAppDirectory=true&errorMessage=ChunkLoadError%3A+Loading+chunk+app%2Flayout+failed.%0A%28timeout%3A+http%3A%2F%2Flocalhost%3A3203%2F_next%2Fstatic%2Fchunks%2Fapp%2Flayout.js%29&file=webpack-internal%3A%2F%2F%2F%28app-pages-browser%29%2F.%2Fnode_modules%2Fnext%2Fdist%2Fcompiled%2Freact-server-dom-webpack%2Fcjs%2Freact-server-dom-webpack-client.browser.development.js&methodName=processBinaryChunk&arguments=&lineNumber=2072&column=7:0
